// Jest Snapshot v1, https://goo.gl/fbAQLP

exports[`App component renders App 1`] = `
<DocumentFragment>
  <img
    alt="loading spinner"
    src="https://giphy.com/embed/11ASZtb7vdJagM"
  />
</DocumentFragment>
`;
